
> uzman-sistemler@1.0.0 build
> tsc -b && vite build

[36mvite v6.4.2 [32mbuilding for production...[36m[39m
transforming...
[32mÔ£ô[39m 620 modules transformed.
rendering chunks...
computing gzip size...
[2mdist/[22m[32mindex.html                 [39m[1m[2m    0.41 kB[22m[1m[22m[2m Ôöé gzip:   0.28 kB[22m
[2mdist/[22m[35massets/index-DSyCicT_.css  [39m[1m[2m    6.46 kB[22m[1m[22m[2m Ôöé gzip:   2.05 kB[22m
[2mdist/[22m[36massets/index-6SNPHyY4.js   [39m[1m[33m1,086.03 kB[39m[22m[2m Ôöé gzip: 310.18 kB[22m
node.exe : [33m
At C:\Program Files\nodejs\npm.ps1:29 char:3
+   & $NODE_EXE $NPM_CLI_JS $args
+   ~~~~~~~~~~~~~~~~~~~~~~~~~~~~~
    + CategoryInfo          : NotSpecified: ([33m:String) [], RemoteException
    + FullyQualifiedErrorId : NativeCommandError
 
(!) Some chunks are larger than 500 kB after minification. Consider:
- Using dynamic import() to code-split the application
- Use build.rollupOptions.output.manualChunks to improve chunking: https://rollupjs.org/configuration-opt
ions/#output-manualchunks
- Adjust chunk size limit for this warning via build.chunkSizeWarningLimit.[39m
[32mÔ£ô built in 14.07s[39m
